ERC report (2026-08-16T18:36:09, Encoding UTF8)
Report includes: Errors, Warnings

***** Sheet /
[isolated_pin_label]: Label connected to only one pin
    ; warning
    @(449.58 mm, 139.70 mm): Label 'AUD_ADC_RST_N'
[isolated_pin_label]: Label connected to only one pin
    ; warning
    @(449.58 mm, 142.24 mm): Label 'AUD_DAC_MUTE_N'
[isolated_pin_label]: Label connected to only one pin
    ; warning
    @(449.58 mm, 144.78 mm): Label 'AUDIO_PRESENT_N'
[isolated_pin_label]: Label connected to only one pin
    ; warning
    @(449.58 mm, 149.86 mm): Label 'TDM_SPARE_1'
[isolated_pin_label]: Label connected to only one pin
    ; warning
    @(462.28 mm, 139.70 mm): Label 'AUD_DAC_RST_N'
[isolated_pin_label]: Label connected to only one pin
    ; warning
    @(462.28 mm, 149.86 mm): Label 'TDM_SPARE_2'

 ** ERC messages: 6  Errors 0  Warnings 6

 ** Ignored checks:
    - Global label only appears once in the schematic
    - Four connection points are joined together
    - Assigned footprint doesn't match footprint filters
