ERC report (2026-08-15T22:35:01, Encoding UTF8)
Report includes: Errors, Warnings

***** Sheet /
[isolated_pin_label]: Label connected to only one pin
    ; warning
    @(76.20 mm, 105.41 mm): Label 'PCIE_UP_REFCLK_N'
[isolated_pin_label]: Label connected to only one pin
    ; warning
    @(76.20 mm, 123.19 mm): Label 'PCIE_UP_RX_N_CM5'
[isolated_pin_label]: Label connected to only one pin
    ; warning
    @(76.20 mm, 135.89 mm): Label 'PCIE_UP_RX_P_CM5'
[isolated_pin_label]: Label connected to only one pin
    ; warning
    @(132.08 mm, 90.17 mm): Label 'PCIE_UP_PERST_N'
[isolated_pin_label]: Label connected to only one pin
    ; warning
    @(132.08 mm, 102.87 mm): Label 'PCIE_UP_REFCLK_P'
[isolated_pin_label]: Label connected to only one pin
    ; warning
    @(132.08 mm, 120.65 mm): Label 'PCIE_UP_TX_N_CM5'
[isolated_pin_label]: Label connected to only one pin
    ; warning
    @(132.08 mm, 133.35 mm): Label 'PCIE_UP_TX_P_CM5'
[isolated_pin_label]: Label connected to only one pin
    ; warning
    @(229.87 mm, 365.76 mm): Label 'PCIE_UP_CLKREQ_N'
[isolated_pin_label]: Label connected to only one pin
    ; warning
    @(255.27 mm, 90.17 mm): Label 'WAN1_LED0'
[isolated_pin_label]: Label connected to only one pin
    ; warning
    @(255.27 mm, 95.25 mm): Label 'WAN1_LED1'
[isolated_pin_label]: Label connected to only one pin
    ; warning
    @(325.12 mm, 106.68 mm): Label 'WAN2_RESET_LOCAL_N'
[isolated_pin_label]: Label connected to only one pin
    ; warning
    @(325.12 mm, 114.30 mm): Label 'WAN2_LED3'
[isolated_pin_label]: Label connected to only one pin
    ; warning
    @(375.92 mm, 114.30 mm): Label 'WAN2_LED2'
[isolated_pin_label]: Label connected to only one pin
    ; warning
    @(529.59 mm, 106.68 mm): Label 'LAN1_RESET_LOCAL_N'
[isolated_pin_label]: Label connected to only one pin
    ; warning
    @(529.59 mm, 114.30 mm): Label 'LAN1_LED3'
[isolated_pin_label]: Label connected to only one pin
    ; warning
    @(580.39 mm, 114.30 mm): Label 'LAN1_LED2'
[isolated_pin_label]: Label connected to only one pin
    ; warning
    @(734.06 mm, 106.68 mm): Label 'LAN2_RESET_LOCAL_N'
[isolated_pin_label]: Label connected to only one pin
    ; warning
    @(734.06 mm, 114.30 mm): Label 'LAN2_LED3'
[isolated_pin_label]: Label connected to only one pin
    ; warning
    @(784.86 mm, 114.30 mm): Label 'LAN2_LED2'

 ** ERC messages: 19  Errors 0  Warnings 19

 ** Ignored checks:
    - Global label only appears once in the schematic
    - Four connection points are joined together
    - Assigned footprint doesn't match footprint filters
