ERC report (2026-08-17T08:37:12, Encoding UTF8)
Report includes: Errors, Warnings

***** Sheet /
[pin_not_driven]: Input pin not driven by any Output pins
    ; error
    @(219.71 mm, 519.43 mm): Symbol U606 Pin 6 [Input, Line]
[pin_not_driven]: Input pin not driven by any Output pins
    ; error
    @(219.71 mm, 524.51 mm): Symbol U606 Pin 1 [Input, Line]
[pin_not_driven]: Input pin not driven by any Output pins
    ; error
    @(219.71 mm, 529.59 mm): Symbol U606 Pin 3 [Input, Line]
[power_pin_not_driven]: Input Power pin not driven by any Output Power pins
    ; error
    @(234.95 mm, 514.35 mm): Symbol U606 Pin 5 [VCC, Power input, Line]
[power_pin_not_driven]: Input Power pin not driven by any Output Power pins
    ; error
    @(234.95 mm, 534.67 mm): Symbol U606 Pin 2 [GND, Power input, Line]
[isolated_pin_label]: Label connected to only one pin
    ; warning
    @(76.20 mm, 105.41 mm): Global Label 'PCIE_UP_REFCLK_N'
[isolated_pin_label]: Label connected to only one pin
    ; warning
    @(132.08 mm, 102.87 mm): Global Label 'PCIE_UP_REFCLK_P'
[isolated_pin_label]: Label connected to only one pin
    ; warning
    @(219.71 mm, 519.43 mm): Global Label 'PCIE_1V0_PG'
[isolated_pin_label]: Label connected to only one pin
    ; warning
    @(219.71 mm, 524.51 mm): Global Label 'PCIE_UP_PERST_CMD_N'
[isolated_pin_label]: Label connected to only one pin
    ; warning
    @(219.71 mm, 529.59 mm): Global Label 'NET_3V3_PG'
[isolated_pin_label]: Label connected to only one pin
    ; warning
    @(229.87 mm, 365.76 mm): Global Label 'PCIE_UP_CLKREQ_N'
[isolated_pin_label]: Label connected to only one pin
    ; warning
    @(255.27 mm, 90.17 mm): Global Label 'WAN1_LED0'
[isolated_pin_label]: Label connected to only one pin
    ; warning
    @(255.27 mm, 95.25 mm): Global Label 'WAN1_LED1'
[isolated_pin_label]: Label connected to only one pin
    ; warning
    @(284.48 mm, 406.40 mm): Global Label 'PCIE_UP_TX_P_CM5'
[isolated_pin_label]: Label connected to only one pin
    ; warning
    @(284.48 mm, 426.72 mm): Global Label 'PCIE_UP_TX_N_CM5'
[isolated_pin_label]: Label connected to only one pin
    ; warning
    @(284.48 mm, 453.39 mm): Global Label 'PCIE_UP_RX_P_CM5'
[isolated_pin_label]: Label connected to only one pin
    ; warning
    @(284.48 mm, 473.71 mm): Global Label 'PCIE_UP_RX_N_CM5'

 ** ERC messages: 17  Errors 5  Warnings 12

 ** Ignored checks:
    - Global label only appears once in the schematic
    - Four connection points are joined together
    - Assigned footprint doesn't match footprint filters
