ERC report (2026-08-17T08:26:17, Encoding UTF8)
Report includes: Errors, Warnings

***** Sheet /
[isolated_pin_label]: Label connected to only one pin
    ; warning
    @(924.56 mm, 623.57 mm): Global Label 'DISPLAY_12V'
[isolated_pin_label]: Label connected to only one pin
    ; warning
    @(975.36 mm, 623.57 mm): Global Label 'FAN_CPU_12V'
[isolated_pin_label]: Label connected to only one pin
    ; warning
    @(1024.89 mm, 623.57 mm): Global Label 'AUDIO_12V'
[isolated_pin_label]: Label connected to only one pin
    ; warning
    @(1074.42 mm, 623.57 mm): Global Label 'NIGHT_LIGHT_12V'
[isolated_pin_label]: Label connected to only one pin
    ; warning
    @(1125.22 mm, 623.57 mm): Global Label 'FAN_AUX_12V'
[isolated_pin_label]: Label connected to only one pin
    ; warning
    @(1169.67 mm, 623.57 mm): Global Label 'DISPLAY_IO_12V'

 ** ERC messages: 6  Errors 0  Warnings 6

 ** Ignored checks:
    - Global label only appears once in the schematic
    - Four connection points are joined together
    - Assigned footprint doesn't match footprint filters
