ERC report (2026-08-17T07:51:48, Encoding UTF8)
Report includes: Errors, Warnings

***** Sheet /
[power_pin_not_driven]: Input Power pin not driven by any Output Power pins
    ; error
    @(144.78 mm, 113.03 mm): Symbol U1000 Pin 1 [GND, Power input, Line]
[isolated_pin_label]: Label connected to only one pin
    ; warning
    @(407.67 mm, 95.25 mm): Global Label 'CH_24V_N'
[isolated_pin_label]: Label connected to only one pin
    ; warning
    @(407.67 mm, 97.79 mm): Global Label 'CH_BAT_N'
[isolated_pin_label]: Label connected to only one pin
    ; warning
    @(407.67 mm, 100.33 mm): Global Label 'VALID_24V_N'
[isolated_pin_label]: Label connected to only one pin
    ; warning
    @(407.67 mm, 102.87 mm): Global Label 'VALID_BAT_N'
[isolated_pin_label]: Label connected to only one pin
    ; warning
    @(407.67 mm, 105.41 mm): Global Label 'BAT_LOW_N'
[isolated_pin_label]: Label connected to only one pin
    ; warning
    @(407.67 mm, 133.35 mm): Global Label 'AUDIO_PRESENT_N'
[isolated_pin_label]: Label connected to only one pin
    ; warning
    @(407.67 mm, 135.89 mm): Global Label 'AUD_IRQ_N'
[isolated_pin_label]: Label connected to only one pin
    ; warning
    @(642.62 mm, 97.79 mm): Global Label 'AUD_ADC_RST_N'
[isolated_pin_label]: Label connected to only one pin
    ; warning
    @(642.62 mm, 100.33 mm): Global Label 'AUD_DAC_RST_N'
[isolated_pin_label]: Label connected to only one pin
    ; warning
    @(642.62 mm, 105.41 mm): Global Label 'HEADSET_POWER_EN'
[isolated_pin_label]: Label connected to only one pin
    ; warning
    @(642.62 mm, 107.95 mm): Global Label 'HEADSET_AMP_EN'
[isolated_pin_label]: Label connected to only one pin
    ; warning
    @(642.62 mm, 120.65 mm): Global Label 'MODEM_SIM_MUX_SEL_OD'
[isolated_pin_label]: Label connected to only one pin
    ; warning
    @(642.62 mm, 133.35 mm): Global Label 'MODEM_WAKE_N'
[isolated_pin_label]: Label connected to only one pin
    ; warning
    @(642.62 mm, 135.89 mm): Global Label 'MODEM_STATUS_LED_N'
[isolated_pin_label]: Label connected to only one pin
    ; warning
    @(877.57 mm, 100.33 mm): Global Label 'SYS_4V0_PG'
[isolated_pin_label]: Label connected to only one pin
    ; warning
    @(877.57 mm, 102.87 mm): Global Label 'MODEM_3V8_PRE_PG'
[isolated_pin_label]: Label connected to only one pin
    ; warning
    @(877.57 mm, 105.41 mm): Global Label 'MODEM_3V8_PG'
[isolated_pin_label]: Label connected to only one pin
    ; warning
    @(877.57 mm, 107.95 mm): Global Label 'WIFI_3V3_PRE_PG'
[isolated_pin_label]: Label connected to only one pin
    ; warning
    @(877.57 mm, 110.49 mm): Global Label 'WIFI_3V3_PG'
[isolated_pin_label]: Label connected to only one pin
    ; warning
    @(877.57 mm, 113.03 mm): Global Label 'NET_3V3_PG'
[isolated_pin_label]: Label connected to only one pin
    ; warning
    @(877.57 mm, 118.11 mm): Global Label 'PCIE_1V0_PG'
[isolated_pin_label]: Label connected to only one pin
    ; warning
    @(877.57 mm, 120.65 mm): Global Label 'LOGIC_1V8_PG'
[isolated_pin_label]: Label connected to only one pin
    ; warning
    @(877.57 mm, 123.19 mm): Global Label 'AUX_12V_PG'
[isolated_pin_label]: Label connected to only one pin
    ; warning
    @(877.57 mm, 125.73 mm): Global Label 'LOGIC_3V3_PG'
[isolated_pin_label]: Label connected to only one pin
    ; warning
    @(877.57 mm, 128.27 mm): Global Label 'IO_5V0_PG'
[isolated_pin_label]: Label connected to only one pin
    ; warning
    @(877.57 mm, 130.81 mm): Global Label 'VALID_DTAP_N'
[isolated_pin_label]: Label connected to only one pin
    ; warning
    @(877.57 mm, 133.35 mm): Global Label 'VALID_GOLD_N'
[isolated_pin_label]: Label connected to only one pin
    ; warning
    @(1135.38 mm, 651.51 mm): Global Label 'AUX_12V'

 ** ERC messages: 29  Errors 1  Warnings 28

 ** Ignored checks:
    - Global label only appears once in the schematic
    - Four connection points are joined together
    - Assigned footprint doesn't match footprint filters
