ERC report (2026-08-15T22:35:02, Encoding UTF8)
Report includes: Errors, Warnings

***** Sheet /
[isolated_pin_label]: Label connected to only one pin
    ; warning
    @(544.83 mm, 364.49 mm): Label 'CELL_1_RF'
[isolated_pin_label]: Label connected to only one pin
    ; warning
    @(619.76 mm, 364.49 mm): Label 'CELL_2_RF'
[isolated_pin_label]: Label connected to only one pin
    ; warning
    @(694.69 mm, 364.49 mm): Label 'CELL_3_RF'
[isolated_pin_label]: Label connected to only one pin
    ; warning
    @(769.62 mm, 364.49 mm): Label 'CELL_4_GNSS_RF'

 ** ERC messages: 4  Errors 0  Warnings 4

 ** Ignored checks:
    - Global label only appears once in the schematic
    - Four connection points are joined together
    - Assigned footprint doesn't match footprint filters
