ERC report (2026-08-16T18:36:15, Encoding UTF8)
Report includes: Errors, Warnings

***** Sheet /
[isolated_pin_label]: Label connected to only one pin
    ; warning
    @(110.49 mm, 128.27 mm): Label 'LOGIC_3V3'
[isolated_pin_label]: Label connected to only one pin
    ; warning
    @(110.49 mm, 130.81 mm): Label 'TDM_SPARE_1'
[isolated_pin_label]: Label connected to only one pin
    ; warning
    @(123.19 mm, 123.19 mm): Label 'AUD_IRQ_N'
[isolated_pin_label]: Label connected to only one pin
    ; warning
    @(123.19 mm, 125.73 mm): Label 'AUDIO_ENABLE'
[isolated_pin_label]: Label connected to only one pin
    ; warning
    @(123.19 mm, 130.81 mm): Label 'TDM_SPARE_2'
[isolated_pin_label]: Label connected to only one pin
    ; warning
    @(262.89 mm, 105.41 mm): Label 'AKM_MCLK'
[isolated_pin_label]: Label connected to only one pin
    ; warning
    @(402.59 mm, 105.41 mm): Label 'AKM_BCLK'
[isolated_pin_label]: Label connected to only one pin
    ; warning
    @(542.29 mm, 105.41 mm): Label 'AKM_FSYNC'
[isolated_pin_label]: Label connected to only one pin
    ; warning
    @(683.26 mm, 105.41 mm): Label 'DAC_TDM_IN'

 ** ERC messages: 9  Errors 0  Warnings 9

 ** Ignored checks:
    - Global label only appears once in the schematic
    - Four connection points are joined together
    - Assigned footprint doesn't match footprint filters
