ERC report (2026-08-17T07:51:53, Encoding UTF8)
Report includes: Errors, Warnings

***** Sheet /
[power_pin_not_driven]: Input Power pin not driven by any Output Power pins
    ; error
    @(250.19 mm, 95.25 mm): Symbol U101 Pin 8 [V_{CC}, Power input, Line]
[power_pin_not_driven]: Input Power pin not driven by any Output Power pins
    ; error
    @(250.19 mm, 115.57 mm): Symbol U101 Pin 5 [GND, Power input, Line]
[pin_not_driven]: Input pin not driven by any Output pins
    ; error
    @(337.82 mm, 309.88 mm): Symbol U105 Pin 2 [D, Input, Line]
[pin_not_driven]: Input pin not driven by any Output pins
    ; error
    @(635.00 mm, 510.54 mm): Symbol U106 Pin 6 [Input, Line]
[pin_not_driven]: Input pin not driven by any Output pins
    ; error
    @(635.00 mm, 520.70 mm): Symbol U106 Pin 3 [Input, Line]
[isolated_pin_label]: Label connected to only one pin
    ; warning
    @(110.49 mm, 128.27 mm): Global Label 'LOGIC_3V3'
[isolated_pin_label]: Label connected to only one pin
    ; warning
    @(110.49 mm, 130.81 mm): Global Label 'TDM_SPARE_1'
[isolated_pin_label]: Label connected to only one pin
    ; warning
    @(123.19 mm, 123.19 mm): Global Label 'AUD_IRQ_N'
[isolated_pin_label]: Label connected to only one pin
    ; warning
    @(123.19 mm, 125.73 mm): Global Label 'AUDIO_ENABLE'
[isolated_pin_label]: Label connected to only one pin
    ; warning
    @(123.19 mm, 130.81 mm): Global Label 'TDM_SPARE_2'
[isolated_pin_label]: Label connected to only one pin
    ; warning
    @(262.89 mm, 105.41 mm): Global Label 'AKM_MCLK'
[isolated_pin_label]: Label connected to only one pin
    ; warning
    @(337.82 mm, 309.88 mm): Global Label 'ADC_TDM_OUT'
[isolated_pin_label]: Label connected to only one pin
    ; warning
    @(402.59 mm, 105.41 mm): Global Label 'AKM_BCLK'
[isolated_pin_label]: Label connected to only one pin
    ; warning
    @(542.29 mm, 105.41 mm): Global Label 'AKM_FSYNC'
[isolated_pin_label]: Label connected to only one pin
    ; warning
    @(635.00 mm, 510.54 mm): Global Label 'DAC_5V_PG'
[isolated_pin_label]: Label connected to only one pin
    ; warning
    @(635.00 mm, 520.70 mm): Global Label 'ADC_5V_PG'
[isolated_pin_label]: Label connected to only one pin
    ; warning
    @(683.26 mm, 105.41 mm): Global Label 'DAC_TDM_IN'

 ** ERC messages: 17  Errors 5  Warnings 12

 ** Ignored checks:
    - Global label only appears once in the schematic
    - Four connection points are joined together
    - Assigned footprint doesn't match footprint filters
